exports[`KkbEpayClient _createOrderXML() should create signed doc 1`] = `"<document><merchant cert_id="00C182B189" name="Test shop"><order order_id="000333" amount="500" currency="398"><department merchant_id="92061101" amount="500"/></order></merchant><merchant_sign type="RSA">4OGkGgCrB+KGFdx7cnCb6vnPyaYWsrEl3F8NA9wIDPlO/QGNVkhqxR+mY66e5NNAxIGOmSrwsAmq/7mvEz2zaQ==</merchant_sign></document>"`;

exports[`KkbEpayClient _createOrderXML() should create signed doc 2`] = `"<merchant cert_id="00C182B189" name="Test shop"><order order_id="000333" amount="500" currency="398"><department merchant_id="92061101" amount="500"/></order></merchant>"`;

exports[`KkbEpayClient _createOrderXML() should create signed doc 3`] = `"4OGkGgCrB+KGFdx7cnCb6vnPyaYWsrEl3F8NA9wIDPlO/QGNVkhqxR+mY66e5NNAxIGOmSrwsAmq/7mvEz2zaQ=="`;

exports[`KkbEpayClient _readFile() should resolve with file content 1`] = `
"This file used in tests!
Do not remove!
"
`;

exports[`KkbEpayClient _sign() should resolve with signed data string 1`] = `"OOlFo1j3wWs4Km7OHfRtMQPvBI/63DgA6soBBPo9MjcscWM+SBhzMx6fYvofKRbPxMMBtijm+l2sYMjdrraEbw=="`;

exports[`KkbEpayClient proceedOrder() should create signed proceed command 1`] = `"<document><merchant merchant_id="92061101"><command type="complete"/><payment reference="referenceNumber" approval_code="approvalCode" orderid="orderId" amount="500" currency_code="398"/></merchant><merchant_sign type="RSA" cert_id="00C182B189">ZaIE3xi5I6AzTKC/9S71t3wl8ULCO1xiepbRZW+ievmAElXc/h9s6Qibk4JtihfderMfy62oAYODRtJTZa1XnQ==</merchant_sign></document>"`;

exports[`KkbEpayClient proceedOrder() should has \`reason\` tag for reverse command 1`] = `"<document><merchant merchant_id="92061101"><command type="reverse"/><payment reference="referenceNumber" approval_code="approvalCode" orderid="orderId" amount="500" currency_code="398"/><reason>Return payment</reason></merchant><merchant_sign type="RSA" cert_id="00C182B189">Ek0USJas9UydRMWPxhezuFXwtHChohHxsQRb+3J3iR6y/Wjc0Acjn7sv+Tir3WY4uRJDUYXWobC4LWi++u/UDA==</merchant_sign></document>"`;
